// Jest Snapshot v1, https://goo.gl/fbAQLP

exports[`matches the dashboard left snapshot 1`] = `
<div
  className="d-flex justify-content-center align-items-center spinner__wrapper"
>
  <div
    className="spinner-border text-primary"
    role="status"
  >
    <span
      className="sr-only"
    >
      Loading...
    </span>
  </div>
</div>
`;
