// Jest Snapshot v1, https://goo.gl/fbAQLP

exports[`matches the login page snapshot 1`] = `
<div
  className="d-flex flex-column signup-form justify-content-center px-10 md:px-60 fitness-image"
>
  <div>
    <i
      className="fas fa-heartbeat"
    />
    <span
      className="font-bold"
    >
      KEEP IT FIT
    </span>
  </div>
  <p
    className="text-white font-bold"
  >
     Welcome Back! Lets continue with our journey of keeping fit
  </p>
  <div />
  <div
    className="errors"
  >
    
  </div>
  <form
    onSubmit={[Function]}
  >
    <input
      className="form-control mt-3"
      name="email"
      onChange={[Function]}
      placeholder="Enter your email"
      type="email"
      value=""
    />
    <input
      className="form-control mt-3"
      name="password"
      onChange={[Function]}
      placeholder="Password"
      type="password"
      value=""
    />
    <button
      className="button-orange btn text-light text-uppercase font-weight-bold w-100 mt-4"
      type="submit"
      value="Sign up"
    >
      Login
    </button>
  </form>
  <p
    className="pt-5 text-center text-white"
  >
    Don\`t have an account?
  </p>
  <a
    className="text-center text-dark font-bold"
    href="/signup"
    onClick={[Function]}
  >
    SignUp
  </a>
</div>
`;
