// Jest Snapshot v1, https://goo.gl/fbAQLP

exports[`matches the signup page snapshot 1`] = `
<div
  className="flex flex-1 flex-column signup-form px-10 md:px-60 fitness-image"
>
  <div>
    <i
      className="fas fa-heartbeat"
    />
    <span
      className="font-bold"
    >
      KEEP IT FIT
    </span>
  </div>
  <p
    className="text-white font-bold pb-3"
  >
     Hi there! Sign up and start looking for fitness healthy tips that you can practise
  </p>
  <div />
  <div
    className="errors"
  >
    <div />
  </div>
  <form
    onSubmit={[Function]}
  >
    <input
      className="form-control"
      name="username"
      onChange={[Function]}
      placeholder="Enter your username"
      type="text"
      value=""
    />
    <input
      className="form-control mt-3"
      name="email"
      onChange={[Function]}
      placeholder="Enter your email"
      type="email"
      value=""
    />
    <input
      className="form-control mt-3"
      name="password"
      onChange={[Function]}
      placeholder="Password"
      type="password"
      value=""
    />
    <input
      className="form-control mt-3"
      name="password_confirmation"
      onChange={[Function]}
      placeholder="Confirm your password"
      type="password"
      value=""
    />
    <label
      htmlFor="avatar"
    >
      Upload Avatar
      <input
        className="w-100 my-3"
        id="avatar"
        onChange={[Function]}
        type="file"
      />
    </label>
    <br />
    <button
      className="button-orange btn text-light text-uppercase font-weight-bold w-100 mt-4"
      type="submit"
      value="Sign up"
    >
      SignUp
    </button>
  </form>
  <p
    className="pt-5 text-center text-white"
  >
    Have an account?
  </p>
  <a
    className="text-center text-dark font-bold"
    href="/login"
    onClick={[Function]}
  >
    Login
  </a>
</div>
`;
