// Jest Snapshot v1, https://goo.gl/fbAQLP

exports[`matches the third section snapshot 1`] = `
<div
  className=" my-5 py-5 third_section_wrapper"
>
  <div
    className="row align-items-center"
  >
    <div
      className=" col-md-6"
    >
      <img
        alt="FitHomeTwo"
        className="third_image"
        src="third.jpg"
      />
    </div>
    <div
      className="col-md-6"
    >
      <div>
        <h2
          className="text-lg-black font-weight-bold"
        >
          We are here to guide you in every step.
        </h2>
        <p
          className="text-sm-gray mb-5 mt-3"
        >
          The advice given by our experts is just enough to get you through the day. In the morning, evening, at home or at the gym. It does not matter. All we encourage is to start and see your dream healthy lifestyle come to a reality.
        </p>
        <a
          className="button-orange text-light font-weight-bold px-4 py-2 mt-4"
          href="/signup"
          onClick={[Function]}
        >
          GET STARTED
        </a>
      </div>
    </div>
  </div>
</div>
`;
